
> generator-fablo@2.2.0 test:e2e-update
> ./fablo-build.sh && jest e2e --runInBand --updateSnapshot && ./lint.sh

allexport      	off
braceexpand    	on
emacs          	off
errexit        	on
errtrace       	off
functrace      	off
hashall        	on
histexpand     	off
history        	off
ignoreeof      	off
interactive-comments	on
keyword        	off
monitor        	off
noclobber      	off
noexec         	off
noglob         	off
nolog          	off
notify         	off
nounset        	on
onecmd         	off
physical       	off
pipefail       	off
posix          	off
privileged     	off
verbose        	off
vi             	off
xtrace         	off
Building new image...
   FABLO_HOME:    /Users/artisan/Documents/workwith/opensource/fablo
   FABLO_VERSION: 2.2.0
   VERSION_DETAILS: 2025-05-12-10:46:36-9154382
Found '/Users/artisan/Documents/workwith/opensource/fablo/.nvmrc' with version <18>
Now using node v18.20.8 (npm v10.8.2)

up to date, audited 1194 packages in 4s

154 packages are looking for funding
  run `npm fund` for details

11 moderate severity vulnerabilities

To address issues that do not require attention, run:
  npm audit fix

To address all issues (including breaking changes), run:
  npm audit fix --force

Run `npm audit` for details.

> generator-fablo@2.2.0 build:dist
> npm run clean && tsc -p tsconfig-dist.json && npm run copydeps


> generator-fablo@2.2.0 clean
> rimraf generators


> generator-fablo@2.2.0 copydeps
> copyfiles --all --up 1 'src/*/templates/**' generators

