// Jest Snapshot v1, https://goo.gl/fbAQLP

exports[`samples/fablo-config-hlf2-1org-1chaincode-peer-dev-mode-tls.json should create proper e2e/__tmp__/samples/fablo-config-hlf2-1org-1chaincode-peer-dev-mode-tls.json.tmpdir/fablo-target/fablo-config.json from samples/fablo-config-hlf2-1org-1chaincode-peer-dev-mode-tls.json 1`] = `""`;

exports[`samples/fablo-config-hlf2-1org-1chaincode-peer-dev-mode-tls.json should create proper files from samples/fablo-config-hlf2-1org-1chaincode-peer-dev-mode-tls.json 1`] = `
[
  "e2e/__tmp__/samples/fablo-config-hlf2-1org-1chaincode-peer-dev-mode-tls.json.tmpdir/fablo-target/fablo-config.json",
]
`;
