// Jest Snapshot v1, https://goo.gl/fbAQLP

exports[`samples/fablo-config-hlf2-2orgs-2chaincodes-private-data-duplicate.yaml should create proper e2e/__tmp__/samples/fablo-config-hlf2-2orgs-2chaincodes-private-data-duplicate.yaml.tmpdir/fablo-target/.config/configstore/update-notifier-yo.json from samples/fablo-config-hlf2-2orgs-2chaincodes-private-data-duplicate.yaml 1`] = `
"{
	"optOut": false,
	"lastUpdateCheck": 1755290146858
}"
`;

exports[`samples/fablo-config-hlf2-2orgs-2chaincodes-private-data-duplicate.yaml should create proper files from samples/fablo-config-hlf2-2orgs-2chaincodes-private-data-duplicate.yaml 1`] = `
[
  "e2e/__tmp__/samples/fablo-config-hlf2-2orgs-2chaincodes-private-data-duplicate.yaml.tmpdir/fablo-target/.config/configstore/update-notifier-yo.json",
]
`;
