// Jest Snapshot v1, https://goo.gl/fbAQLP

exports[`schema should match snapshot 1`] = `
Object {
  "$id": "http://example.com/example.json",
  "$schema": "http://json-schema.org/draft-07/schema",
  "additionalProperties": false,
  "default": Object {},
  "properties": Object {
    "$schema": Object {
      "const": "https://github.com/softwaremill/fabrica/releases/download/0.1.0-unstable/schema.json",
    },
    "chaincodes": Object {
      "$id": "#/properties/chaincodes",
      "default": Array [
        Object {
          "channel": "channel1",
          "directory": "chaincode1",
          "endorsement": "AND ('Org1.member')",
          "init": "{'Args':[]}",
          "lang": "java",
          "name": "chaincode1",
          "version": "0.0.1",
        },
      ],
      "items": Object {
        "$id": "#/properties/chaincodes/items",
        "additionalProperties": false,
        "properties": Object {
          "channel": Object {
            "$id": "#/properties/chaincodes/items/properties/channel",
            "enumSource": Array [
              Array [],
              Object {
                "source": "channels",
                "value": "{{item.key}}",
              },
            ],
            "pattern": "^[a-z0-9]+$",
            "title": "Channel key",
            "type": "string",
            "watch": Object {
              "channels": "channels",
            },
          },
          "directory": Object {
            "$id": "#/properties/chaincodes/items/properties/directory",
            "title": "Chaincode directory",
            "type": "string",
          },
          "endorsement": Object {
            "$id": "#/properties/chaincodes/items/properties/endorsement",
            "title": "Endorsement configuration",
            "type": "string",
          },
          "init": Object {
            "$id": "#/properties/chaincodes/items/properties/init",
            "title": "Initialization arguments",
            "type": "string",
          },
          "lang": Object {
            "$id": "#/properties/chaincodes/items/properties/lang",
            "enum": Array [
              "golang",
              "java",
              "node",
            ],
            "title": "Language",
            "type": "string",
          },
          "name": Object {
            "$id": "#/properties/chaincodes/items/properties/name",
            "pattern": "^[a-zA-Z0-9_-]+$",
            "title": "Name",
            "type": "string",
          },
          "privateData": Object {
            "$id": "#/properties/chaincodes/items/properties/privateData",
            "items": Object {
              "$id": "#/properties/chaincodes/items/properties/privateData/items",
              "additionalProperties": false,
              "properties": Object {
                "name": Object {
                  "$id": "#/properties/chaincodes/items/properties/privateData/items/properties/name",
                  "pattern": "^[A-Za-z0-9_-]+$",
                  "title": "Collection name",
                  "type": "string",
                },
                "orgNames": Object {
                  "$id": "#/properties/chaincodes/items/properties/privateData/items/properties/orgNames",
                  "items": Object {
                    "$id": "#/properties/chaincodes/items/properties/privateData/items/properties/orgNames/items",
                    "enumSource": Array [
                      Array [],
                      Object {
                        "source": "orgs",
                        "value": "{{item.organization.name}}",
                      },
                    ],
                    "pattern": "^[A-Za-z0-9]+$",
                    "title": "Organization name",
                    "type": "string",
                    "watch": Object {
                      "orgs": "orgs",
                    },
                  },
                  "title": "Organization names",
                  "type": "array",
                },
              },
              "required": Array [
                "name",
                "orgNames",
              ],
              "title": "Private data collection",
              "type": "object",
            },
            "title": "Private data collections",
            "type": "array",
          },
          "version": Object {
            "$id": "#/properties/chaincodes/items/properties/version",
            "pattern": "^[a-zA-Z0-9\\\\.]+$",
            "title": "Version",
            "type": "string",
          },
        },
        "required": Array [
          "name",
          "version",
          "lang",
          "channel",
          "init",
          "endorsement",
          "directory",
        ],
        "title": "Chaincode",
        "type": "object",
      },
      "title": "Chaincodes",
      "type": "array",
    },
    "channels": Object {
      "$id": "#/properties/channels",
      "default": Array [
        Object {
          "key": "channel1",
          "name": "my-channel1",
          "orgs": Array [
            Object {
              "key": "org1",
              "peers": Array [
                "peer0",
              ],
            },
          ],
        },
        Object {
          "key": "channel2",
          "name": "my-channel2",
          "orgs": Array [
            Object {
              "key": "org1",
              "peers": Array [
                "peer1",
              ],
            },
          ],
        },
      ],
      "items": Object {
        "$id": "#/properties/channels/items",
        "additionalProperties": false,
        "properties": Object {
          "key": Object {
            "$id": "#/properties/channels/items/properties/key",
            "pattern": "^[a-z0-9]+$",
            "title": "Key",
            "type": "string",
          },
          "name": Object {
            "$id": "#/properties/channels/items/properties/name",
            "pattern": "^[a-z0-9\\\\-]+$",
            "title": "Name",
            "type": "string",
          },
          "orgs": Object {
            "$id": "#/properties/channels/items/properties/orgs",
            "items": Object {
              "$id": "#/properties/channels/items/properties/orgs/items",
              "additionalProperties": false,
              "properties": Object {
                "key": Object {
                  "$id": "#/properties/channels/items/properties/orgs/items/properties/key",
                  "enumSource": Array [
                    Array [],
                    Object {
                      "source": "orgs",
                      "value": "{{item.organization.key}}",
                    },
                  ],
                  "pattern": "^[a-z0-9]+$",
                  "title": "Organization key",
                  "type": "string",
                  "watch": Object {
                    "orgs": "orgs",
                  },
                },
                "peers": Object {
                  "$id": "#/properties/channels/items/properties/orgs/items/properties/peers",
                  "items": Object {
                    "$id": "#/properties/channels/items/properties/orgs/items/properties/peers/items",
                    "pattern": "^[a-z0-9]+$",
                    "title": "Peer",
                    "type": "string",
                  },
                  "title": "Peers for ogranization",
                  "type": "array",
                },
              },
              "required": Array [
                "key",
                "peers",
              ],
              "title": "Organization",
              "type": "object",
            },
            "title": "Organizations in the channel",
            "type": "array",
          },
        },
        "required": Array [
          "key",
          "name",
          "orgs",
        ],
        "title": "Channel",
        "type": "object",
      },
      "title": "Channels",
      "type": "array",
    },
    "networkSettings": Object {
      "$id": "#/properties/networkSettings",
      "additionalProperties": false,
      "description": "Basic settings of the Hyperledger Fabric network",
      "properties": Object {
        "fabricVersion": Object {
          "$id": "#/properties/networkSettings/properties/fabricVersion",
          "default": "1.4.6",
          "enum": Array [
            "1.3.0",
            "1.4.0",
            "1.4.1",
            "1.4.2",
            "1.4.3",
            "1.4.4",
            "1.4.5",
            "1.4.6",
            "1.4.7",
            "1.4.8",
            "1.4.9",
            "1.4.10",
            "1.4.11",
          ],
          "title": "Hyperledger Fabric version",
          "type": "string",
        },
        "monitoring": Object {
          "$id": "#/properties/monitoring",
          "additionalProperties": false,
          "description": "Optional settings for monitoring purposes",
          "properties": Object {
            "loglevel": Object {
              "$id": "#/properties/monitoring/properties/loglevel",
              "default": "info",
              "enum": Array [
                "debug",
                "info",
                "warn",
              ],
              "title": "Log level for all components",
              "type": "string",
            },
          },
          "required": Array [],
          "title": "Monitoring settings",
          "type": "object",
        },
        "tls": Object {
          "$id": "#/properties/networkSettings/properties/tls",
          "default": true,
          "title": "Use TLS",
          "type": "boolean",
        },
      },
      "required": Array [
        "fabricVersion",
        "tls",
      ],
      "title": "Network settings",
      "type": "object",
    },
    "orgs": Object {
      "$id": "#/properties/orgs",
      "default": Array [
        Object {
          "ca": Object {
            "prefix": "ca",
          },
          "organization": Object {
            "domain": "org1.com",
            "key": "org1",
            "mspName": "Org1MSP",
            "name": "Org1",
          },
          "peer": Object {
            "db": "LevelDb",
            "instances": 2,
            "prefix": "peer",
          },
        },
      ],
      "items": Object {
        "$id": "#/properties/orgs/items",
        "additionalProperties": false,
        "properties": Object {
          "ca": Object {
            "$id": "#/properties/orgs/items/properties/ca",
            "additionalProperties": false,
            "properties": Object {
              "prefix": Object {
                "$id": "#/properties/orgs/items/properties/ca/properties/prefix",
                "pattern": "^[a-z0-9\\\\.\\\\-]+$",
                "title": "Domain prefix",
                "type": "string",
              },
            },
            "required": Array [
              "prefix",
            ],
            "title": "Organization Certificate Authority (CA)",
            "type": "object",
          },
          "organization": Object {
            "$id": "#/properties/orgs/items/properties/organization",
            "additionalProperties": false,
            "properties": Object {
              "domain": Object {
                "$id": "#/properties/orgs/items/properties/organization/properties/domain",
                "pattern": "^[a-z0-9\\\\.\\\\-]+$",
                "title": "Domain",
                "type": "string",
              },
              "key": Object {
                "$id": "#/properties/orgs/items/properties/organization/properties/key",
                "pattern": "^[a-z0-9]+$",
                "title": "Key",
                "type": "string",
              },
              "mspName": Object {
                "$id": "#/properties/orgs/items/properties/organization/properties/mspName",
                "pattern": "^[a-zA-Z0-9]+$",
                "title": "MSP Name",
                "type": "string",
              },
              "name": Object {
                "$id": "#/properties/orgs/items/properties/organization/properties/name",
                "pattern": "^[a-zA-Z0-9]+$",
                "title": "Name",
                "type": "string",
              },
            },
            "required": Array [
              "key",
              "name",
              "mspName",
              "domain",
            ],
            "title": "Basic information",
            "type": "object",
          },
          "peer": Object {
            "$id": "#/properties/orgs/items/properties/peer",
            "additionalProperties": false,
            "properties": Object {
              "anchorPeerInstances": Object {
                "$id": "#/properties/orgs/items/properties/peer/properties/anchorPeerInstances",
                "maximum": 100,
                "minimum": 1,
                "title": "Number of anchor peer instances",
                "type": "integer",
              },
              "db": Object {
                "$id": "#/properties/orgs/items/properties/peer/properties/db",
                "enum": Array [
                  "LevelDb",
                  "CouchDb",
                ],
                "title": "Database Type",
                "type": "string",
              },
              "instances": Object {
                "$id": "#/properties/orgs/items/properties/peer/properties/instances",
                "maximum": 100,
                "minimum": 1,
                "title": "Number of instances",
                "type": "integer",
              },
              "prefix": Object {
                "$id": "#/properties/orgs/items/properties/peer/properties/prefix",
                "pattern": "^[a-z0-9\\\\.\\\\-]+$",
                "title": "Domain prefix",
                "type": "string",
              },
            },
            "required": Array [
              "prefix",
              "instances",
              "db",
            ],
            "title": "Peer",
            "type": "object",
          },
        },
        "required": Array [
          "organization",
          "ca",
          "peer",
        ],
        "title": "Organization",
        "type": "object",
      },
      "title": "Organizations",
      "type": "array",
    },
    "rootOrg": Object {
      "$id": "#/properties/rootOrg",
      "additionalProperties": false,
      "description": "The configuration of the root organization for the Hyperledger Fabric network.",
      "properties": Object {
        "ca": Object {
          "$id": "#/properties/rootOrg/properties/ca",
          "additionalProperties": false,
          "default": Object {
            "prefix": "ca",
          },
          "properties": Object {
            "prefix": Object {
              "$id": "#/properties/rootOrg/properties/ca/properties/prefix",
              "pattern": "^[a-z0-9\\\\.\\\\-]+$",
              "title": "Domain prefix",
              "type": "string",
            },
          },
          "required": Array [
            "prefix",
          ],
          "title": "Root Certificate Authority (CA)",
          "type": "object",
        },
        "orderer": Object {
          "$id": "#/properties/rootOrg/properties/orderer",
          "additionalProperties": false,
          "default": Object {
            "instances": 1,
            "prefix": "orderer",
            "type": "solo",
          },
          "properties": Object {
            "instances": Object {
              "$id": "#/properties/rootOrg/properties/orderer/properties/instances",
              "maximum": 10,
              "minimum": 1,
              "title": "Number of instances",
              "type": "integer",
            },
            "prefix": Object {
              "$id": "#/properties/rootOrg/properties/orderer/properties/prefix",
              "pattern": "^[a-z0-9\\\\.\\\\-]+$",
              "title": "Domain prefix",
              "type": "string",
            },
            "type": Object {
              "$id": "#/properties/rootOrg/properties/orderer/properties/type",
              "description": "The 'solo' consensus type may be used in development environment only. Use 'raft' in production.",
              "enum": Array [
                "solo",
                "raft",
              ],
              "title": "Orderer type",
              "type": "string",
            },
          },
          "required": Array [
            "prefix",
            "type",
            "instances",
          ],
          "title": "Orderer",
          "type": "object",
        },
        "organization": Object {
          "$id": "#/properties/rootOrg/properties/organization",
          "additionalProperties": false,
          "default": Object {
            "domain": "root.com",
            "key": "root",
            "mspName": "OrdererMSP",
            "name": "Orderer",
          },
          "properties": Object {
            "domain": Object {
              "$id": "#/properties/rootOrg/properties/organization/properties/domain",
              "pattern": "^[a-z0-9\\\\.\\\\-]+$",
              "title": "Domain",
              "type": "string",
            },
            "key": Object {
              "$id": "#/properties/rootOrg/properties/organization/properties/key",
              "pattern": "^[a-z0-9]+$",
              "title": "Key",
              "type": "string",
            },
            "mspName": Object {
              "$id": "#/properties/rootOrg/properties/organization/properties/mspName",
              "description": "Membership Service Provider (MSP) is a component that offers an abstraction of membership operations.",
              "pattern": "^[a-zA-Z0-9]+$",
              "title": "MSP Name",
              "type": "string",
            },
            "name": Object {
              "$id": "#/properties/rootOrg/properties/organization/properties/name",
              "pattern": "^[a-zA-Z0-9]+$",
              "title": "Name",
              "type": "string",
            },
          },
          "required": Array [
            "key",
            "name",
            "mspName",
            "domain",
          ],
          "title": "Basic information",
          "type": "object",
        },
      },
      "required": Array [
        "organization",
        "ca",
        "orderer",
      ],
      "title": "Root organization",
      "type": "object",
    },
  },
  "required": Array [
    "networkSettings",
    "rootOrg",
    "orgs",
    "channels",
    "chaincodes",
  ],
  "title": "Root",
  "type": "object",
}
`;
